node.exe : npm error Missing script: "test:unit"
No C:\Program Files\nodejs\npm.ps1:29 caractere:3
+   & $NODE_EXE $NPM_CLI_JS $args
+   ~~~~~~~~~~~~~~~~~~~~~~~~~~~~~
    + CategoryInfo          : NotSpecified: (npm error Missing script: "test:unit":String) [], RemoteException
    + FullyQualifiedErrorId : NativeCommandError
 
npm error
npm error To see a list of scripts, run:
npm error   npm run
npm error A complete log of this run can be found in: Z:\Projeto 
RedecellRJ\npm-cache\_logs\2026-01-05T09_57_39_683Z-debug-0.log
