
> backend@1.0.0 test:unit
> dotenv -e .env.test -- vitest --coverage --config vitest.config.unit.ts


[1m[44m DEV [49m[22m [34mv3.2.4 [39m[90mC:/RedecellRJ/backend[39m
      [2mCoverage enabled with [22m[33mv8[39m

node.exe : 
No C:\Program Files\nodejs\npm.ps1:29 caractere:3
+   & $NODE_EXE $NPM_CLI_JS $args
+   ~~~~~~~~~~~~~~~~~~~~~~~~~~~~~
    + CategoryInfo          : NotSpecified: (:String) [], RemoteException
    + FullyQualifiedErrorId : NativeCommandError
 
[31mÔÄ»ÔÄ»ÔÄ»ÔÄ»[39m[1m[41m Unhandled Rejection [49m[22m[31mÔÄ»ÔÄ»ÔÄ»ÔÄ»ÔÄ»[39m
[31m[1mError[22m: ENOENT: no such file or directory, open 
'C:\RedecellRJ\backend\coverage\.tmp\coverage-0.json'[39m
[90m [2mÔØ»[22m open node:internal/fs/promises:[2m639:25[22m[39m
[90m [2mÔØ»[22m Object.writeFile node:internal/fs/promises:[2m1213:14[22m[39m

[31m[2mÔÄ»ÔÄ»ÔÄ»ÔÄ»ÔÄ»ÔÄ»ÔÄ»ÔÄ»ÔÄ»ÔÄ»ÔÄ»ÔÄ»ÔÄ»ÔÄ»ÔÄ»ÔÄ»ÔÄ»ÔÄ»ÔÄ»ÔÄ»ÔÄ»ÔÄ»ÔÄ»ÔÄ»ÔÄ»ÔÄ»ÔÄ»ÔÄ»ÔÄ»ÔÄ»[22m[39m
[31m[1mSerialized Error:[22m[39m [90m{ errno: -4058, code: 'ENOENT', syscall: 'open', path: 
'C:\RedecellRJ\backend\coverage\.tmp\coverage-0.json' }[39m



